src/screens/ConnectionScreen.tsx(18,10): error TS6133: 'dbType' is declared but its value is never read.
src/screens/ExplorerScreen.tsx(93,99): error TS6133: 'e' is declared but its value is never read.
src/screens/ForeignKeyModal.tsx(2,38): error TS6133: 'Button' is declared but its value is never read.
src/screens/SqlEditor.tsx(89,26): error TS6133: 'record' is declared but its value is never read.
src/server/db/index.ts(27,7): error TS2322: Type 'MysqlAdapter' is not assignable to type 'DatabaseAdapter'.
  The types returned by 'listTables()' are incompatible between these types.
    Type 'Promise<unknown[]>' is not assignable to type 'Promise<string[]>'.
      Type 'unknown[]' is not assignable to type 'string[]'.
        Type 'unknown' is not assignable to type 'string'.
src/server/db/index.ts(34,12): error TS2531: Object is possibly 'null'.
src/server/db/mysqlAdapter.ts(5,11): error TS6133: 'config' is declared but its value is never read.
src/server/db/postgresAdapter.ts(1,24): error TS7016: Could not find a declaration file for module 'pg'. 'F:/Rof Database Client/node_modules/pg/esm/index.mjs' implicitly has an 'any' type.
  Try `npm i --save-dev @types/pg` if it exists or add a new declaration (.d.ts) file containing `declare module 'pg';`
src/server/db/postgresAdapter.ts(28,25): error TS7006: Parameter 'row' implicitly has an 'any' type.
src/server/db/postgresAdapter.ts(42,11): error TS6133: 'res' is declared but its value is never read.
src/server/db/postgresAdapter.ts(93,25): error TS7006: Parameter 'row' implicitly has an 'any' type.
